OpenJDK 64-Bit Server VM warning: ignoring option MaxPermSize=512M; support was removed in 8.0
OpenJDK 64-Bit Server VM warning: Using incremental CMS is deprecated and will likely be removed in a future release
OpenJDK 64-Bit Server VM warning: If the number of processors is expected to increase from one, then you should configure the number of parallel GC threads appropriately using -XX:ParallelGCThreads=N
OpenJDK 64-Bit Server VM warning: ignoring option MaxPermSize=512M; support was removed in 8.0

Logging initialized using configuration in jar:file:/usr/lib/hive/lib/hive-common-1.1.0-cdh5.13.0.jar!/hive-log4j.properties
WARNING: Hive CLI is deprecated and migration to Beeline is recommended.
hive> show databases;
OK
default
example
test
Time taken: 0.055 seconds, Fetched: 3 row(s)
hive> use example;
OK
Time taken: 0.054 seconds
hive> show tables;
OK
student
Time taken: 0.035 seconds, Fetched: 1 row(s)
hive> desc student;
OK
name                	string              	                    
age                 	int                 	                    
marks               	float               	                    
Time taken: 0.244 seconds, Fetched: 3 row(s)
hive> select * from student;
OK
Time taken: 0.156 seconds
hive> insert into student values('Jack',21,90);
Query ID = cloudera_20220116212727_1cfbc552-bb07-4e63-af55-a28f12b2b9bf
Total jobs = 3
Launching Job 1 out of 3
Number of reduce tasks is set to 0 since there's no reduce operator
Starting Job = job_1642395782381_0001, Tracking URL = http://quickstart.cloudera:8088/proxy/application_1642395782381_0001/
Kill Command = /usr/lib/hadoop/bin/hadoop job  -kill job_1642395782381_0001
Hadoop job information for Stage-1: number of mappers: 1; number of reducers: 0
2022-01-16 21:29:33,068 Stage-1 map = 0%,  reduce = 0%
2022-01-16 21:30:34,380 Stage-1 map = 0%,  reduce = 0%, Cumulative CPU 3.17 sec
2022-01-16 21:30:54,768 Stage-1 map = 100%,  reduce = 0%, Cumulative CPU 6.12 sec
MapReduce Total cumulative CPU time: 6 seconds 120 msec
Ended Job = job_1642395782381_0001
Stage-4 is selected by condition resolver.
Stage-3 is filtered out by condition resolver.
Stage-5 is filtered out by condition resolver.
Moving data to: hdfs://quickstart.cloudera:8020/user/hive/warehouse/example.db/student/.hive-staging_hive_2022-01-16_21-27-21_888_6745736721006384559-1/-ext-10000
Loading data to table example.student
Table example.student stats: [numFiles=1, numRows=1, totalSize=13, rawDataSize=12]
MapReduce Jobs Launched: 
Stage-Stage-1: Map: 1   Cumulative CPU: 6.12 sec   HDFS Read: 4229 HDFS Write: 84 SUCCESS
Total MapReduce CPU Time Spent: 6 seconds 120 msec
OK
Time taken: 218.318 seconds
hive> select
    > select * from student;
NoViableAltException(226@[])
	at org.apache.hadoop.hive.ql.parse.HiveParser_SelectClauseParser.selectClause(HiveParser_SelectClauseParser.java:1054)
	at org.apache.hadoop.hive.ql.parse.HiveParser.selectClause(HiveParser.java:44919)
	at org.apache.hadoop.hive.ql.parse.HiveParser.singleSelectStatement(HiveParser.java:42014)
	at org.apache.hadoop.hive.ql.parse.HiveParser.selectStatement(HiveParser.java:41720)
	at org.apache.hadoop.hive.ql.parse.HiveParser.regularBody(HiveParser.java:41657)
	at org.apache.hadoop.hive.ql.parse.HiveParser.queryStatementExpressionBody(HiveParser.java:40710)
	at org.apache.hadoop.hive.ql.parse.HiveParser.queryStatementExpression(HiveParser.java:40586)
	at org.apache.hadoop.hive.ql.parse.HiveParser.execStatement(HiveParser.java:1529)
	at org.apache.hadoop.hive.ql.parse.HiveParser.statement(HiveParser.java:1065)
	at org.apache.hadoop.hive.ql.parse.ParseDriver.parse(ParseDriver.java:201)
	at org.apache.hadoop.hive.ql.parse.ParseDriver.parse(ParseDriver.java:166)
	at org.apache.hadoop.hive.ql.Driver.compile(Driver.java:522)
	at org.apache.hadoop.hive.ql.Driver.compileInternal(Driver.java:1356)
	at org.apache.hadoop.hive.ql.Driver.runInternal(Driver.java:1473)
	at org.apache.hadoop.hive.ql.Driver.run(Driver.java:1285)
	at org.apache.hadoop.hive.ql.Driver.run(Driver.java:1275)
	at org.apache.hadoop.hive.cli.CliDriver.processLocalCmd(CliDriver.java:226)
	at org.apache.hadoop.hive.cli.CliDriver.processCmd(CliDriver.java:175)
	at org.apache.hadoop.hive.cli.CliDriver.processLine(CliDriver.java:389)
	at org.apache.hadoop.hive.cli.CliDriver.executeDriver(CliDriver.java:781)
	at org.apache.hadoop.hive.cli.CliDriver.run(CliDriver.java:699)
	at org.apache.hadoop.hive.cli.CliDriver.main(CliDriver.java:634)
	at sun.reflect.NativeMethodAccessorImpl.invoke0(Native Method)
	at sun.reflect.NativeMethodAccessorImpl.invoke(NativeMethodAccessorImpl.java:62)
	at sun.reflect.DelegatingMethodAccessorImpl.invoke(DelegatingMethodAccessorImpl.java:43)
	at java.lang.reflect.Method.invoke(Method.java:498)
	at org.apache.hadoop.util.RunJar.run(RunJar.java:221)
	at org.apache.hadoop.util.RunJar.main(RunJar.java:136)
FAILED: ParseException line 2:0 cannot recognize input near 'select' '*' 'from' in select clause
hive> select * from student;
OK
Jack	21	90.0
Time taken: 0.146 seconds, Fetched: 1 row(s)
hive> insert into student values('Sarah',20,85);
Query ID = cloudera_20220116213333_0a9a856f-f651-43d4-94f0-1fd97d7691a3
Total jobs = 3
Launching Job 1 out of 3
Number of reduce tasks is set to 0 since there's no reduce operator
Starting Job = job_1642395782381_0002, Tracking URL = http://quickstart.cloudera:8088/proxy/application_1642395782381_0002/
Kill Command = /usr/lib/hadoop/bin/hadoop job  -kill job_1642395782381_0002
Hadoop job information for Stage-1: number of mappers: 1; number of reducers: 0
2022-01-16 21:34:02,304 Stage-1 map = 0%,  reduce = 0%
2022-01-16 21:35:03,800 Stage-1 map = 100%,  reduce = 0%, Cumulative CPU 6.64 sec
MapReduce Total cumulative CPU time: 6 seconds 640 msec
Ended Job = job_1642395782381_0002
Stage-4 is selected by condition resolver.
Stage-3 is filtered out by condition resolver.
Stage-5 is filtered out by condition resolver.
Moving data to: hdfs://quickstart.cloudera:8020/user/hive/warehouse/example.db/student/.hive-staging_hive_2022-01-16_21-33-31_066_8846500080381378738-1/-ext-10000
Loading data to table example.student
Table example.student stats: [numFiles=2, numRows=2, totalSize=27, rawDataSize=25]
MapReduce Jobs Launched: 
Stage-Stage-1: Map: 1   Cumulative CPU: 6.64 sec   HDFS Read: 4314 HDFS Write: 85 SUCCESS
Total MapReduce CPU Time Spent: 6 seconds 640 msec
OK
Time taken: 95.742 seconds
hive> select * from student;
OK
Jack	21	90.0
Sarah	20	85.0
Time taken: 0.294 seconds, Fetched: 2 row(s)
hive> [cloudera@quickstart ~]$ 
hive> select * from student where marks=90;
Query ID = cloudera_20220116220303_04ef62d9-a059-4a5b-bc6f-eb066d97353f
Total jobs = 1
Launching Job 1 out of 1
Number of reduce tasks is set to 0 since there's no reduce operator
Starting Job = job_1642395782381_0004, Tracking URL = http://quickstart.cloudera:8088/proxy/application_1642395782381_0004/
Kill Command = /usr/lib/hadoop/bin/hadoop job  -kill job_1642395782381_0004
Hadoop job information for Stage-1: number of mappers: 1; number of reducers: 0
2022-01-16 22:04:00,249 Stage-1 map = 0%,  reduce = 0%
2022-01-16 22:04:53,923 Stage-1 map = 100%,  reduce = 0%, Cumulative CPU 5.68 sec
MapReduce Total cumulative CPU time: 5 seconds 680 msec
Ended Job = job_1642395782381_0004
MapReduce Jobs Launched: 
Stage-Stage-1: Map: 1   Cumulative CPU: 5.68 sec   HDFS Read: 4571 HDFS Write: 13 SUCCESS
Total MapReduce CPU Time Spent: 5 seconds 680 msec
OK
Jack	21	90.0
Time taken: 94.41 seconds, Fetched: 1 row(s)
hive> 

